kind=audit.exemption_expired severity=warning namespace=batch reason=ExemptionExpired message="exemption for audit.no_pdb in batch lapsed 61d ago and no longer annotates anything; renew it or fix what it covered" fingerprint=sha256:434e960e0f889a0bdacfb627694794044c0e90071520bcd15ab34592ce8f5c8b exempt_kind=audit.no_pdb subject="audit.no_pdb in batch" expires=2025-11-01T00:00:00Z expired_for=61d owner=data-platform justification="batch jobs are restartable by design"
kind=audit.exemption_expiring severity=info namespace=prod name=legacy-api reason=ExemptionExpiring message="exemption for audit.no_pdb on prod/legacy-api expires in 7d" fingerprint=sha256:7e012572e4c8fd9db2648a2c0771d294eaf8d859bfa932ac8c454c3dc29b0460 exempt_kind=audit.no_pdb subject="audit.no_pdb on prod/legacy-api" expires=2026-01-08T00:00:00Z expires_in=7d owner=platform justification="single-replica vendor appliance, replacement tracked in PLAT-8812"
scanned=3 findings=2 elapsed=100ms exempt=0
