kind=audit.hostpath_mount severity=info namespace=legacy kind_of_object=Deployment name=vendor reason=ReadOnlyHostPath message="1 hostPath volume mounted read-only: the node's filesystem is readable from inside the container, though not writable" fingerprint=sha256:077dda1eb45e3eebeb9a4bcf668dc3762707c1d71a073576a999d7c44b221b29 host_paths=1 host_path_names=/etc/localtime
kind=audit.podsecurity_gaps severity=warning namespace=legacy kind_of_object=Namespace name=legacy reason=PodSecurityEnforcePrivileged message="pod-security.kubernetes.io/enforce=privileged: Pod Security Admission is configured here and set to permit everything, so the namespace is opted out deliberately rather than by omission" fingerprint=sha256:0446d89f553c74e9dfd0f8e175b7f7344954fd6ad3e8c016ed9b663ae2b25d22 pss_enforce=privileged workloads=1
kind=audit.privileged_container severity=warning namespace=platform kind_of_object=Deployment name=mesh reason=DangerousCapability message="capabilities.add SYS_ADMIN on 1 of 1 container: not privileged: true, and equivalent to it — a check reading only that flag reports this template as clean" fingerprint=sha256:d679b78ef1abcf8c7942a93445677f4c7426bed7fd1da5822dbc8bc139f6dc27 containers=1 container_names=mesh total_containers=1 capabilities=SYS_ADMIN
kind=audit.host_namespace severity=warning namespace=platform kind_of_object=Job name=adhoc reason=HostIPC message="hostIPC: the pod shares the node's SysV IPC and POSIX message queues with every other process on it" fingerprint=sha256:2ba9f2b134ffda75f6aa870bbeb62425e37495a0ed8086cf92ac2b530229993c
kind=audit.podsecurity_gaps severity=warning namespace=platform kind_of_object=Namespace name=platform reason=NoPodSecurityEnforce message="no pod-security.kubernetes.io/enforce label: nothing at admission stops a pod in this namespace asking for privileged, the host namespaces, or a hostPath — the workload claims above are the only thing that will notice" fingerprint=sha256:14ecc494ba0d2f7874d37b77f31a479b8618aebf937a0e573e211b569a7e7b01 pss_warn=baseline workloads=4
kind=audit.privileged_container severity=warning namespace=platform kind_of_object=Pod name=debug reason=PrivilegedContainer message="securityContext.privileged on 1 of 1 container: every device on the node is visible and writable, and a process that escapes the container is root on the host" fingerprint=sha256:0c1dda262effe9ed3f355062bc8da90c521df6c8d5f5288769b4f3681cec3144 containers=1 container_names=debug total_containers=1
kind=audit.default_sa_automount severity=warning namespace=platform kind_of_object=ServiceAccount name=default reason=DefaultServiceAccountAutomount message="4 workloads run as the default ServiceAccount and receive its token: an API credential is sitting in a container that never asked for one, and it is the same credential for everything in the namespace" fingerprint=sha256:ff66d208b4e3e14dfb9f1c823d76197fd5b4f5381868a49b25dd07512b8a20f7 service_account=default mounting_workloads=4 mounting_workload_names=CronJob/nightly,Deployment/mesh,Job/adhoc,Pod/debug
kind=audit.host_namespace severity=warning namespace=prod kind_of_object=DaemonSet name=cni reason=HostNetwork message="hostNetwork: the pod binds ports directly on the node, reaches anything the node can reach including the metadata server and the kubelet, and NetworkPolicy — which selects pods, not host interfaces — cannot constrain it" fingerprint=sha256:e4274f1cca94a68e7bc6f289b24c1dee8e5bb186ac26d450f3bd24ff66a61e00
kind=audit.host_namespace severity=warning namespace=prod kind_of_object=DaemonSet name=cni reason=HostPID message="hostPID: every process on the node is visible in /proc, including other containers' command lines and anything they were passed as an argument" fingerprint=sha256:6dfde842ffe92db8dda8c1ab414c1786e2c51f99b9ff595868bb2b9ec37198b5
kind=audit.hostpath_mount severity=warning namespace=prod kind_of_object=DaemonSet name=cni reason=WritableHostPath message="1 hostPath volume mounted read-write: anything the container writes lands on the node's filesystem, and a path like /var/run, /etc or / is a container escape rather than a mount" fingerprint=sha256:17eee699e72d22b3fdd6411d47886d9b8de5f1c5c2977364fcb2cf87bcbf8630 host_paths=1 host_path_names=/var/run
kind=audit.privileged_container severity=warning namespace=prod kind_of_object=DaemonSet name=cni reason=PrivilegedContainer message="securityContext.privileged on 1 of 1 container: every device on the node is visible and writable, and a process that escapes the container is root on the host" fingerprint=sha256:1f1a92432a1b9f6d348b960732e9c6ee79d131023ecf3fb3ea0ce2f9cfe88677 containers=1 container_names=agent total_containers=1
kind=audit.hostpath_mount severity=info namespace=prod kind_of_object=DaemonSet name=cni reason=ReadOnlyHostPath message="1 hostPath volume mounted read-only: the node's filesystem is readable from inside the container, though not writable" fingerprint=sha256:d89125bbcf6a35dbbe29d0ea57cc91ca9fe29aa2399bd8e30ce9187f636c6fe7 host_paths=1 host_path_names=/etc/cni
scanned=7 findings=12 elapsed=100ms namespaces=3
