kind=audit.netpol_missing severity=warning namespace=legacy kind_of_object=Namespace name=legacy reason=IngressPoliciesSelectNothing message="1 ingress NetworkPolicy in this namespace selects none of its 1 workload: the namespace reads as policed and is not, since every pod in the cluster can open a connection to any of them, so one compromised pod anywhere reaches all of these directly" fingerprint=sha256:a7c4d1e0a40fde9da06680475e1cd7e91b69ca99cca42f3facfe1b2d75f653c0 policies=1 total_policies=1 workloads=1
kind=audit.netpol_missing severity=info namespace=legacy kind_of_object=Namespace name=legacy reason=NoEgressPolicies message="no NetworkPolicy restricts egress in this namespace, covering 1 workload: any of them can dial anything the cluster network reaches, including every other namespace and whatever the node can route to" fingerprint=sha256:f7b74eb7cbb0afb7a5208f61e90372391abfe7c2c545fe56fd1729545c4f63b9 policies=0 total_policies=1 workloads=1
kind=audit.netpol_missing severity=warning namespace=platform kind_of_object=Namespace name=platform reason=NoIngressPolicies message="no NetworkPolicy restricts ingress in this namespace, covering 2 workloads: every pod in the cluster can open a connection to any of them, so one compromised pod anywhere reaches all of these directly" fingerprint=sha256:0a873ddb4875e08430cf52b78cc2d7f6603e3042e15269bb663bae62073e7126 policies=0 total_policies=0 workloads=2 host_network_workloads=1
kind=audit.netpol_missing severity=info namespace=platform kind_of_object=Namespace name=platform reason=NoEgressPolicies message="no NetworkPolicy restricts egress in this namespace, covering 2 workloads: any of them can dial anything the cluster network reaches, including every other namespace and whatever the node can route to" fingerprint=sha256:f7b74eb7cbb0afb7a5208f61e90372391abfe7c2c545fe56fd1729545c4f63b9 policies=0 total_policies=0 workloads=2 host_network_workloads=1
kind=audit.netpol_missing severity=warning namespace=prod kind_of_object=Deployment name=payments reason=UnselectedEgress message="no egress NetworkPolicy selects this pod template: the namespace has 1 of them, covering 1 other workload, so this workload is the hole in a namespace that is otherwise policed" fingerprint=sha256:0f8d88316fe2d29a0ff87f0d0ff4e7193412709e0bbb683129a7234c529598d2 policies=1 total_policies=2 covered_workloads=1 pod_labels="app=payments"
scanned=8 findings=5 elapsed=100ms namespaces=4
