kind=audit.wildcard_rbac severity=info kind_of_object=ClusterRole name=crd-reader reason=WildcardResources message="ClusterRole has a rule granting get,list,watch on every resource in API group example.com, which covers resources added after the role was written; 1 binding grants it" fingerprint=sha256:02e1e54e4df36019770a90eefb1e64ec44f9932c9e8de812f68d356fb61bd41f rules=1 wildcard_rules=1 verbs=get,list,watch resources=* api_groups=example.com bindings=1
kind=audit.wildcard_rbac severity=warning kind_of_object=ClusterRole name=platform-superuser reason=FullWildcard message="ClusterRole has a rule granting every verb on every resource in every API group — the rule that defines cluster-admin; 1 binding grants it" fingerprint=sha256:ae3c59354c53e042f4d5b50550bcbaa4bbcc31969d43442b5fe0235d901a055e rules=1 wildcard_rules=1 verbs=* resources=* api_groups=* bindings=1
kind=audit.cluster_admin_binding severity=warning kind_of_object=ClusterRoleBinding name=oncall-admins reason=ClusterAdminClusterWide message="binds cluster-admin to 2 subjects cluster-wide: they can do anything to any object in the cluster, including rewrite RBAC to keep that power" fingerprint=sha256:4ff633f04796a2a97b941933cfcd092ff6756eb038c9215d14e7ebd2b3cdaa6b role=ClusterRole/cluster-admin subjects=2 subject_names=Group:oncall,User:alice@example.com
kind=audit.cluster_admin_binding severity=warning kind_of_object=ClusterRoleBinding name=superuser-ci reason=ClusterAdminClusterWide message="binds ClusterRole/platform-superuser, whose rules grant every verb on every resource — cluster-admin under another name, to 1 subject cluster-wide: it can do anything to any object in the cluster, including rewrite RBAC to keep that power" fingerprint=sha256:4ff633f04796a2a97b941933cfcd092ff6756eb038c9215d14e7ebd2b3cdaa6b role=ClusterRole/platform-superuser subjects=1 subject_names=ServiceAccount:ci/deployer
kind=audit.wildcard_rbac severity=info namespace=team-a kind_of_object=Role name=deployer reason=WildcardVerbs message="Role has a rule granting every verb on deployments, which includes delete, and escalate, bind or impersonate wherever those resources accept them; 1 binding grants it" fingerprint=sha256:67db705151b546e2300d971f6e8fdad34841efcfcc852fb41a8469a3efc8dfab rules=1 wildcard_rules=1 verbs=* resources=deployments api_groups=apps bindings=1
kind=audit.wildcard_rbac severity=info namespace=team-a kind_of_object=Role name=unused-root reason=FullWildcard message="Role has a rule granting every verb on every resource in every API group — the rule that defines cluster-admin; nothing binds it, so it grants nothing until something does" fingerprint=sha256:017744f9bcb1e64d924940a4e84fd1c81814fe0bb2cf7a6521946aa08aff662a rules=1 wildcard_rules=1 verbs=* resources=* api_groups=* bindings=0
kind=audit.cluster_admin_binding severity=info namespace=team-a kind_of_object=RoleBinding name=owners reason=ClusterAdminInNamespace message="binds cluster-admin to 1 subject in this namespace: full control of every object in it, including its Secrets and its RBAC — more than the built-in admin role, which is the one meant for namespace owners" fingerprint=sha256:cd4377011f4c341e289555778e48ba543a93c88a98d3a07dcce51471336f46b1 role=ClusterRole/cluster-admin subjects=1 subject_names=Group:team-a-owners
scanned=19 findings=7 elapsed=100ms platform_managed=5 aggregated_roles=1
