kind=audit.no_readiness_probe severity=warning namespace=batch kind_of_object=DaemonSet name=log-shipper reason=NoReadinessProbe message="1 of 1 container missing the probe: the kubelet marks the container ready as soon as it starts, so the Service sends traffic to a process that may not be listening yet and a rollout can report success into a black hole" fingerprint=sha256:d975187e6438d2c423a25388e01610cce15dd04cb62cbc7a3c785f4d02082ac6 containers=1 container_names=fluentd total_containers=1
kind=audit.no_liveness_probe severity=info namespace=batch kind_of_object=DaemonSet name=log-shipper reason=NoLivenessProbe message="1 of 1 container missing the probe: a process that wedges without exiting is never restarted; it stays in the Service until something else notices" fingerprint=sha256:9eacb123f19787a8cd493bff2ba8e1aed2c57622b7838f2ad54c13ba484dfba9 containers=1 container_names=fluentd total_containers=1
kind=audit.no_pdb severity=warning namespace=batch kind_of_object=Deployment name=worker reason=NoPodDisruptionBudget message="2 replicas and no PodDisruptionBudget selecting them: the eviction API will let a drain or upgrade take all 2 at once" fingerprint=sha256:7fe356f9a64f75392625206434494ed78e8fd020d5d35459c93fe96db64390ec replicas=2 namespace_pdbs=0
kind=audit.no_readiness_probe severity=warning namespace=prod kind_of_object=Deployment name=checkout reason=NoReadinessProbe message="1 of 2 containers missing the probe: the kubelet marks the container ready as soon as it starts, so the Service sends traffic to a process that may not be listening yet and a rollout can report success into a black hole" fingerprint=sha256:3a2644a92f4aad9368beef607f7c7c85131e4bf3524c600a8087cd2bf619b10f containers=1 container_names=envoy total_containers=2
kind=audit.no_liveness_probe severity=info namespace=prod kind_of_object=Deployment name=checkout reason=NoLivenessProbe message="1 of 2 containers missing the probe: a process that wedges without exiting is never restarted; it stays in the Service until something else notices" fingerprint=sha256:e71bd1a24dd6000ad6b4f0914852c1434d91ea6b1e4510f1076199c7d25f6882 containers=1 container_names=envoy total_containers=2
kind=audit.single_replica severity=warning namespace=prod kind_of_object=Deployment name=legacy-api reason=SingleReplica message="spec.replicas=1: a node drain, upgrade, or eviction takes the workload fully down, and no PodDisruptionBudget can prevent that" fingerprint=sha256:8a0b879ad97aaecfff085420f4fadd46a01997022eb21c4e8c4fb6c169476661 replicas=1
kind=audit.no_readiness_probe severity=warning namespace=prod kind_of_object=Deployment name=paused reason=NoReadinessProbe message="1 of 1 container missing the probe: the kubelet marks the container ready as soon as it starts, so the Service sends traffic to a process that may not be listening yet and a rollout can report success into a black hole" fingerprint=sha256:3a2644a92f4aad9368beef607f7c7c85131e4bf3524c600a8087cd2bf619b10f containers=1 container_names=app total_containers=1
kind=audit.no_liveness_probe severity=info namespace=prod kind_of_object=Deployment name=paused reason=NoLivenessProbe message="1 of 1 container missing the probe: a process that wedges without exiting is never restarted; it stays in the Service until something else notices" fingerprint=sha256:e71bd1a24dd6000ad6b4f0914852c1434d91ea6b1e4510f1076199c7d25f6882 containers=1 container_names=app total_containers=1
kind=audit.no_pdb severity=warning namespace=prod kind_of_object=StatefulSet name=cache reason=NoPodDisruptionBudget message="3 replicas and no PodDisruptionBudget selecting them: the eviction API will let a drain or upgrade take all 3 at once" fingerprint=sha256:fd55e7824f9e6b6927f05d76b6753833aeb303b991cc33b4c1227fde73b582e2 replicas=3 namespace_pdbs=1
kind=audit.no_liveness_probe severity=info namespace=prod kind_of_object=StatefulSet name=cache reason=NoLivenessProbe message="1 of 1 container missing the probe: a process that wedges without exiting is never restarted; it stays in the Service until something else notices" fingerprint=sha256:d82593d12f4b04adfb4f92f99c4c9075776957f5cf112c07b35bfeb95d19d843 containers=1 container_names=redis total_containers=1
kind=audit.no_spread severity=info namespace=prod kind_of_object=StatefulSet name=cache reason=NoTopologySpread message="3 replicas with no topologySpreadConstraints and no pod anti-affinity: nothing in the spec stops the scheduler putting them all on one node, and the cluster-level default spread is best-effort (whenUnsatisfiable=ScheduleAnyway)" fingerprint=sha256:b771ad36814524bc7bcea6a23b7be065f8c9c90e776c450c3b0510f51041f065 replicas=3
scanned=6 findings=11 elapsed=100ms pdbs=1 workloads=4/1/1
