kind=scaledown.blocked severity=warning kind_of_object=Node name=n-annot reason=ScaleDownBlocked message="node's cpu is 25% requested, under the 50% scale-down threshold, but the autoscaler cannot remove it: 1 pod(s) annotated safe-to-evict=false — it keeps billing at low utilization" utilization=25 basis=cpu threshold=50 nodepool=batch-pool blockers=1 not_safe_to_evict=1 blocked_by=Pod/batch/checkpointer
kind=scaledown.blocked severity=warning kind_of_object=Node name=n-gpu reason=ScaleDownBlocked message="node's gpu is 25% requested, under the 50% scale-down threshold, but the autoscaler cannot remove it: 1 pod(s) with no controller — it keeps billing at low utilization" utilization=25 basis=gpu threshold=50 blockers=1 bare_pods=1 blocked_by=Pod/ml/trainer
kind=scaledown.blocked severity=warning kind_of_object=Node name=n-mem reason=ScaleDownBlocked message="node's memory is 43% requested, under the 50% scale-down threshold, but the autoscaler cannot remove it: 1 pod(s) with no controller — it keeps billing at low utilization" utilization=43 basis=memory threshold=50 blockers=1 bare_pods=1 blocked_by=Pod/batch/loader
kind=scaledown.blocked severity=warning kind_of_object=Node name=n-pinned reason=ScaleDownBlocked message="node's cpu is 30% requested, under the 50% scale-down threshold, but the autoscaler cannot remove it: 1 zero-disruption PDB(s), 1 pod(s) with no controller — it keeps billing at low utilization" utilization=30 basis=cpu threshold=50 blockers=2 pdb_gridlock=1 bare_pods=1 blocked_by=Pod/prod/one-off,PodDisruptionBudget/prod/web-pdb
scanned=10 findings=4 elapsed=100ms nodes=10 excluded=3 underused=6
