Usage: lookout triage demo [flags]

Emit synthetic findings to exercise the §4.2 envelope; test scaffolding only.

Flags:
  --count=2  number of synthetic findings to emit
  --fail     return a runtime error after emitting
  --hang     block until the --timeout context fires

Common flags (every lookout command):
  --namespace=<string>   limit the scan to one namespace
  -A                     scan all namespaces
  --workload=<string>    target one workload as <Kind>/<namespace>/<name>, e.g. Deployment/prod/api
  --since=<duration>     how far back to look (0 = command default)
  --format=logfmt        output format: logfmt|json (one record per line either way)
  --timeout=10s          abort the invocation after this long (exit 1)
  --kubeconfig=<string>  path to a kubeconfig file, instead of $KUBECONFIG / ~/.kube/config
  --context=<string>     kubeconfig context to read, instead of its current-context. Selects a cluster for THIS invocation only — nothing is written back — so concurrent invocations can target different clusters. Reported as context=<name> in the summary line
  --exemptions=<string>  path to a git-reviewed exemption file (YAML); covered findings are ANNOTATED with their reason and expiry and counted as exempt=<n> in the summary, never dropped

Output fields (beyond the shared envelope fields kind, severity, namespace, kind_of_object, name, reason, message, fingerprint, exempt_reason, exempt_expires):
  index  1-based ordinal of the synthetic finding

Output: one finding per line (logfmt; --format=json for one JSON object
per line), keys in fixed order; healthy resources emit nothing. The final
line is always the summary: scanned=<n> findings=<n> elapsed=<d> —
findings=0 with a summary present means "scanned and healthy"; a stream
without a summary line is void. Exit 0 data, 1 runtime error (diagnostics
on stderr only), 2 usage.

Examples:
  lookout triage demo --count=1 --format=json
