kind=spec.resource severity=info namespace=prod kind_of_object=Pod name=payments-api-7d9c4b-x2n8p labels="app=payments" owner=ReplicaSet/payments-api-7d9c4b node=gke-prod-pool-1-8f2a service_account=payments volumes=config:configMap/payments-config,tls:secret/payments-tls,tmp:emptyDir phase=Pending
kind=spec.container severity=info namespace=prod kind_of_object=Pod name=payments-api-7d9c4b-x2n8p container=migrate init=true image=registry.example.com/migrate:v3 env="MIGRATE_DB_TOKEN=[REDACTED]"
kind=spec.container severity=info namespace=prod kind_of_object=Pod name=payments-api-7d9c4b-x2n8p container=api image=registry.example.com/payments:v1.4.2 requests="cpu=100m,memory=128Mi" limits="memory=256Mi" ports=https:8443/TCP liveness="http-get :8443/healthz delay=5s period=10s" readiness="tcp :8443" env="DB_PASSWORD=[REDACTED],LOG_LEVEL=debug,API_KEY=secretKeyRef:payments-secrets.api-key,POD_IP=fieldRef:status.podIP" env_from=secretRef:payments-env
kind=spec.condition severity=warning namespace=prod kind_of_object=Pod name=payments-api-7d9c4b-x2n8p reason=ContainersNotReady message="containers with unready status: [api]" condition="Ready=False" since=2026-07-24T09:30:00Z
scanned=1 findings=4 elapsed=100ms
