kind=spec.resource severity=info namespace=prod kind_of_object=Certificate name=api-tls spec="spec.dnsNames[0]=api.example.com spec.dnsNames[1]=www.api.example.com spec.secretName=api-tls"
kind=spec.condition severity=warning namespace=prod kind_of_object=Certificate name=api-tls reason=DoesNotExist message="Issuing certificate as Secret does not exist" condition="Ready=False"
scanned=1 findings=2 elapsed=100ms
