kind=spec.resource severity=info kind_of_object=Node name=gke-prod-pool-1-8f2a labels="topology.kubernetes.io/zone=us-central1-b" spec="spec.podCIDR=10.8.4.0/24"
kind=spec.condition severity=warning kind_of_object=Node name=gke-prod-pool-1-8f2a reason=KubeletHasInsufficientMemory message="kubelet has insufficient memory available" condition="MemoryPressure=True" since=2026-07-24T09:30:00Z
scanned=1 findings=2 elapsed=100ms
