kind=perf.apf_saturation severity=critical reason=APFQueueSaturated message="APF in-queue requests peaked at 150 for priority_level=leader-election in the last 1h0m0s — above the critical threshold 100: requests queued at this priority level wait before being served; sustained depth precedes 429 rejects" pack=apf metric=apiserver_flowcontrol_current_inqueue_requests priority_level=leader-election observed=150 latest=90 threshold=100 window=1h0m0s
kind=perf.apf_saturation severity=warning reason=APFQueueSaturated message="APF in-queue requests peaked at 34 for priority_level=workload-low in the last 1h0m0s — above the warning threshold 10: requests queued at this priority level wait before being served; sustained depth precedes 429 rejects" pack=apf metric=apiserver_flowcontrol_current_inqueue_requests priority_level=workload-low observed=34 latest=8 threshold=10 window=1h0m0s
kind=perf.apf_rejects severity=warning reason=APFRequestsRejected message="API server 429 reject rate peaked at 0.4/s for code=429 in the last 1h0m0s — above the warning threshold 0/s: any sustained 429s mean APF is shedding load — clients are being throttled and retrying" pack=apf metric=apiserver_request_total code=429 observed=0.4/s latest=0.2/s threshold=0/s window=1h0m0s
scanned=4 findings=3 elapsed=100ms pack=apf window=1h0m0s
