kind=perf.apiserver_p99 severity=critical reason=ApiserverLatencyHigh message="API server p99 request latency peaked at 4s for verb=LIST resource=pods in the last 1h0m0s — above the critical threshold 4s: every controller, webhook, and kubectl call inherits this latency" pack=apiserver metric=apiserver_request_duration_seconds verb=LIST resource=pods observed=4s latest=2.25s threshold=4s window=1h0m0s
kind=perf.apiserver_p99 severity=warning reason=ApiserverLatencyHigh message="API server p99 request latency peaked at 1.01s for verb=POST resource=secrets in the last 1h0m0s — above the warning threshold 1s: every controller, webhook, and kubectl call inherits this latency" pack=apiserver metric=apiserver_request_duration_seconds verb=POST resource=secrets observed=1.01s latest=0.9s threshold=1s window=1h0m0s
scanned=3 findings=2 elapsed=100ms pack=apiserver window=1h0m0s
