kind=perf.pack_unavailable severity=warning reason=MetricAbsent message="pack etcd: metric etcd_disk_wal_fsync_duration_seconds is not in the project's metrics workspace — enable GKE control-plane metrics for the API server / etcd components; the pack's other queries still ran" pack=etcd metric=etcd_disk_wal_fsync_duration_seconds
kind=perf.etcd_db_size severity=critical reason=EtcdDatabaseLarge message="etcd database size peaked at 5.9GiB in the last 1h0m0s — above the critical threshold 5.5GiB: GKE's etcd quota is ~6GiB — at the quota the control plane stops accepting writes" pack=etcd metric=etcd_mvcc_db_total_size_in_bytes observed=5.9GiB latest=5.9GiB threshold=5.5GiB window=1h0m0s
scanned=1 findings=2 elapsed=100ms pack=etcd window=1h0m0s
