kind=cloud.unavailable severity=info reason=CapabilityUnavailable message="--history=1h0m0s needs the provider metrics backend: no cloud provider configured — point-in-time findings are unaffected" capability=metrics provider=none
kind=top.saturation severity=warning namespace=prod kind_of_object=Pod name=api-2 reason=CPUNearLimit message="cpu at 96% of limit — throttling risk only: CPU is compressible (over-limit throttles, never kills), so warning is this dimension's point-in-time ceiling" container=app resource=cpu usage=480m limit=500m pct=96 node=node-1
kind=top.saturation severity=critical namespace=prod kind_of_object=Pod name=api-2 reason=MemoryNearLimit message="memory at 95.7% of limit — OOM-kill risk: memory is incompressible, the kernel kills at 100%" container=app resource=memory usage=490.0MiB limit=512.0MiB pct=95.7 node=node-1
kind=top.saturation severity=warning namespace=prod kind_of_object=Pod name=api-1 reason=MemoryNearLimit message="memory at 93.8% of limit — OOM kill at 100%; critical from 95%" container=app resource=memory usage=480.0MiB limit=512.0MiB pct=93.8 node=node-1
kind=top.node severity=warning kind_of_object=Node name=node-1 reason=NodeCPUPressure message="node cpu at 95% of allocatable — scheduling/throttling pressure precursor" resource=cpu usage=3800m allocatable=4000m pct=95
kind=top.node severity=warning kind_of_object=Node name=node-1 reason=NodeMemoryPressure message="node memory at 87.5% of allocatable — kubelet eviction precursor" resource=memory usage=7.0GiB allocatable=8.0GiB pct=87.5
kind=top.unlimited severity=info reason=NoLimits message="1 container(s) in 1 pod(s) have no cpu or memory limit — invisible to saturation-vs-limit analysis (--show-unlimited lists them)" pods=1 containers=1
kind=top.unlimited_container severity=info namespace=prod kind_of_object=Pod name=batch-1 reason=NoLimits container=job missing=cpu,memory
scanned=6 findings=8 elapsed=100ms unavailable="no cloud provider configured"
