kind=orphan.nodepool severity=info kind_of_object=NodePool name=fixed-pool reason=IdleNotAutoscaled message="node pool runs 3 nodes (n2-standard-8) and no workload pod is scheduled on them (DaemonSet and static pods aside) — billed while idle; autoscaling is off, so nothing will shrink it: resize it to 0, enable autoscaling with a 0 minimum, or delete it" node_count=3 excluded_pods=1 machine_type=n2-standard-8 autoscaling=disabled
kind=orphan.nodepool severity=info kind_of_object=NodePool name=gpu-pool reason=IdleMinNodeCount message="node pool runs 2 nodes (g2-standard-8) and no workload pod is scheduled on them (DaemonSet and static pods aside) — billed while idle; autoscaling is on but total_min_node_count=2 keeps nodes up: lower it to 0 so the autoscaler can remove them" node_count=2 excluded_pods=0 machine_type=g2-standard-8 autoscaling=enabled total_min_node_count=2 total_max_node_count=6
kind=orphan.nodepool severity=info kind_of_object=NodePool name=idle-min-pool reason=IdleMinNodeCount message="node pool runs 1 node (e2-standard-8) and no workload pod is scheduled on them (DaemonSet and static pods aside) — billed while idle; autoscaling is on but min_node_count=1 keeps nodes up: lower it to 0 so the autoscaler can remove them" node_count=1 excluded_pods=2 machine_type=e2-standard-8 autoscaling=enabled min_node_count=1 max_node_count=3
kind=orphan.nodepool severity=info kind_of_object=NodePool name=nap-pool reason=IdleAwaitingScaleDown message="node pool runs 1 node and no workload pod is scheduled on them (DaemonSet and static pods aside) — billed while idle; the pool is auto-provisioned and is deleted once empty; if it persists, `lookout stab scaledown` shows what blocks it" node_count=1 excluded_pods=0 autoscaling=enabled min_node_count=0 max_node_count=1000 autoprovisioned=true
scanned=7 findings=4 elapsed=100ms
