kind=orphan.disk severity=warning kind_of_object=Disk name=big-idle reason=UnattachedDisk message="unattached billing-active disk: 500GB pd-ssd idle for 72h0m0s — billed until deleted" zone=us-east1-c size_gb=500 disk_type=pd-ssd unused_since=2026-07-22T12:00:00Z unused_for=72h0m0s
kind=orphan.disk severity=warning kind_of_object=Disk name=undatable reason=UnattachedDisk message="unattached billing-active disk: 50GB pd-balanced idle for unknown — billed until deleted" zone=us-east1-b size_gb=50 disk_type=pd-balanced unused_for=unknown
kind=orphan.disk severity=warning kind_of_object=Disk name=small-old reason=UnattachedDisk message="unattached billing-active disk: 10GB pd-standard idle for 168h0m0s — billed until deleted" zone=us-east1-b size_gb=10 disk_type=pd-standard unused_since=2026-07-18T12:00:00Z unused_for=168h0m0s
kind=orphan.lb severity=warning kind_of_object=ForwardingRule name=api-rule reason=NoBackendEndpoints message="forwarding rule routes to zero endpoints — billed and serving nothing: url map api-um routes to no backend service" region=global why="url map api-um routes to no backend service"
kind=orphan.lb severity=warning kind_of_object=ForwardingRule name=web-rule reason=NoBackendEndpoints message="forwarding rule routes to zero endpoints — billed and serving nothing: backend service web-bs has 0 endpoints across all groups" region=us-east1 why="backend service web-bs has 0 endpoints across all groups"
scanned=6 findings=5 elapsed=100ms
