kind=stockout.zone severity=warning kind_of_object=Zone name=us-east1-b reason=ZoneResourcePoolExhausted message="GCE stockout: n2-standard-16 exhausted in us-east1-b ×3 in the last 24h0m0s — no same-region zone observed clean for this type in the window" machine_type=n2-standard-16 events=3 first_seen=2026-07-25T02:00:00Z last_seen=2026-07-25T11:30:00Z
kind=stockout.zone severity=warning kind_of_object=Zone name=us-east1-c reason=ZoneResourcePoolExhausted message="GCE stockout: n2-standard-16 exhausted in us-east1-c ×1 in the last 24h0m0s — no same-region zone observed clean for this type in the window" machine_type=n2-standard-16 events=1 first_seen=2026-07-25T11:15:00Z last_seen=2026-07-25T11:15:00Z
kind=stockout.zone severity=warning kind_of_object=Zone name=europe-west1-d reason=ZoneResourcePoolExhausted message="GCE stockout: e2-medium exhausted in europe-west1-d ×1 in the last 24h0m0s — no same-region zone observed clean for this type in the window" machine_type=e2-medium events=1 first_seen=2026-07-25T10:20:00Z last_seen=2026-07-25T10:20:00Z
kind=stockout.zone severity=warning kind_of_object=Zone name=us-east1-b reason=ZoneResourcePoolExhausted message="GCE stockout: e2-medium exhausted in us-east1-b ×1 in the last 24h0m0s — reroute candidates (same region, no stockout for this type in window): us-east1-c" machine_type=e2-medium events=1 first_seen=2026-07-25T08:40:00Z last_seen=2026-07-25T08:40:00Z reroute=us-east1-c
scanned=6 findings=4 elapsed=100ms window=24h0m0s
