kind=edge.missing_key severity=critical namespace=prod kind_of_object=ConfigMap name=app-config reason=CreateContainerConfigError message="key log.level not found in configmap app-config (env LOG_LEVEL in container api)" workload=Deployment/prod/api container=api env=LOG_LEVEL key=log.level pods=2
kind=edge.selector_unready severity=warning namespace=prod kind_of_object=Service name=api reason=PodsNotReady message="service selects 2 pod(s), 1 ready" workload=Deployment/prod/api selector="app=api" selected=2 ready=1
kind=edge.endpoints_orphaned severity=warning namespace=prod kind_of_object=EndpointSlice name=api-abc12 reason=OrphanedEndpoint message="endpoint targets pod api-7c9d8-ghost, which no longer exists" workload=Deployment/prod/api service=api pod=api-7c9d8-ghost
kind=edge.endpoints_unready severity=warning namespace=prod kind_of_object=Service name=api reason=EndpointMismatch message="1/3 endpoints ready across 1 slice(s); selector selects 2 pod(s), 1 ready" workload=Deployment/prod/api endpoints=3 ready=1 slices=1 selected=2
kind=edge.backend_missing severity=critical namespace=prod kind_of_object=Ingress name=api reason=BackendServiceMissing message="backend service ghost not found" workload=Deployment/prod/api service=ghost host=api.example.com path=/v2
kind=edge.cert_expiring severity=warning namespace=prod kind_of_object=Secret name=api-tls reason=CertificateExpiringSoon message="certificate expires in 15d" workload=Deployment/prod/api via=mount ingress=api subject=api.example.com not_after=2026-07-16T00:00:00Z days_left=15
kind=edge.cert_expired severity=critical namespace=prod kind_of_object=Secret name=old-tls reason=CertificateExpired message="certificate expired 16d ago" workload=Deployment/prod/api via=ingress ingress=api subject=old.example.com not_after=2026-06-15T00:00:00Z days_left=-16
kind=edge.rbac_dangling severity=warning kind_of_object=ClusterRoleBinding name=api-crb reason=DanglingRoleRef message="roleRef ClusterRole api-cr not found (binds serviceaccount api-sa)" workload=Deployment/prod/api service_account=api-sa role_ref=ClusterRole/api-cr
scanned=17 findings=8 elapsed=100ms
