kind=keda.not_ready severity=warning namespace=jobs kind_of_object=ScaledJob name=nightly reason=ScalerNotReady message="KEDA reports the ScaledJob not ready (ScaledJobCheckFailed: error parsing redis metadata) — scaling has stopped at the current size" condition="Ready=False"
kind=keda.missing_auth severity=warning namespace=prod kind_of_object=ScaledObject name=orders reason=TriggerAuthenticationNotFound message="the aws-sqs-queue trigger authenticates through TriggerAuthentication \"sqs-auth\", which does not exist — the scaler cannot read its metric, so scaling has stopped at the current size" trigger=aws-sqs-queue authentication=TriggerAuthentication/sqs-auth
kind=keda.missing_target severity=warning namespace=prod kind_of_object=ScaledObject name=renamed reason=ScaleTargetNotFound message="scaleTargetRef names Deployment \"web-v1\", which does not exist in namespace prod — nothing is being scaled, and if the workload was renamed, the new one is running unscaled" target=Deployment/web-v1
scanned=10 findings=3 elapsed=100ms
