kind=volume.attach_error severity=critical kind_of_object=VolumeAttachment name=va-detach reason=DetachError message="volume detach has been failing for 12m0s" pv=pv-shared node=node-b attacher=pd.csi.storage.gke.io age=12m0s error="rpc error: detach failed" attached=true
kind=volume.attach_error severity=warning kind_of_object=VolumeAttachment name=va-fresh reason=AttachError message="volume attach has been failing for 2m0s" pv=pv-shared node=node-a attacher=pd.csi.storage.gke.io age=2m0s error="rpc error: attach failed" attached=false
kind=volume.orphaned_attachment severity=info kind_of_object=VolumeAttachment name=va-ghost reason=OrphanedAttachment message="attachment references a deleted PersistentVolume and node — the external-attacher should clean it up; stale entries can block reattachment" pv=pv-ghost node=node-ghost orphan="pv missing; node missing"
kind=volume.attach_error severity=critical kind_of_object=VolumeAttachment name=va-stuck reason=AttachError message="volume attach has been failing for 30m0s" pv=pv-zonal node=node-c attacher=pd.csi.storage.gke.io age=30m0s error="rpc error: attach failed" attached=false
kind=volume.zone_conflict severity=critical namespace=prod kind_of_object=Pod name=db-0 reason=ZoneConflict message="volume is locked to zone(s) us-east1-b; the pod landed in us-east1-c and can never mount it" pvc=zonal pv=pv-zonal pv_zones=us-east1-b node=node-c node_zone=us-east1-c
kind=volume.multi_attach severity=critical namespace=prod kind_of_object=PersistentVolumeClaim name=shared reason=RWOMultiAttach message="RWO claim is wanted on 2 nodes — an RWO volume can attach to only one node; pods on the other node(s) stay stuck in ContainerCreating" pods=web-0,web-1 nodes=node-a,node-b access_modes=ReadWriteOnce
scanned=14 findings=6 elapsed=100ms
