kind=webhook.dead_backend severity=warning kind_of_object=ValidatingWebhookConfiguration name=audit reason=DeadBackend message="backend service infra/ghost not found — webhook silently passes everything; the policy it enforces is NOT running (failurePolicy Ignore)" webhook=audit/audit.example.com service=infra/ghost backend="service missing" gates="all namespaces" rules="CREATE,UPDATE pods"
kind=webhook.ca_expired severity=critical kind_of_object=ValidatingWebhookConfiguration name=gatekeeper reason=CABundleExpired message="CA bundle expired 16d ago — TLS to the backend fails; matching admissions are REJECTED (failurePolicy Fail)" webhook=gatekeeper/deny.example.com service=infra/gone subject=gatekeeper-ca not_after=2026-06-15T00:00:00Z days_left=-16
kind=webhook.failing_closed severity=critical kind_of_object=ValidatingWebhookConfiguration name=gatekeeper reason=FailingClosed message="backend service infra/gone not found — matching admissions are REJECTED (failurePolicy Fail)" webhook=gatekeeper/deny.example.com service=infra/gone backend="service missing" gates="2/4 namespaces: team-a, team-b" rules="CREATE,UPDATE deployments,deployments.apps,pods,pods.apps"
kind=webhook.ca_expiring severity=warning kind_of_object=MutatingWebhookConfiguration name=sidecar-injector reason=CABundleExpiringSoon message="CA bundle expires in 15d" webhook=sidecar-injector/inject.example.com service=infra/policy-webhook subject=injector-ca not_after=2026-07-16T00:00:00Z days_left=15
kind=webhook.slow_risk severity=info kind_of_object=MutatingWebhookConfiguration name=sidecar-injector reason=SlowWebhookRisk message="timeoutSeconds 30 with failurePolicy Fail: a slow or hung backend stalls every matching admission for up to 30s before rejecting it" webhook=sidecar-injector/inject.example.com service=infra/policy-webhook timeout=30s
scanned=4 findings=5 elapsed=100ms
