kind=wi.unannotated_use severity=info namespace=legacy kind_of_object=Pod name=legacy-keyfile reason=CredentialFileWithoutWI message="pod points at a mounted credential file instead of Workload Identity — works, but key rotation/leakage risk" container=app env=GOOGLE_APPLICATION_CREDENTIALS
kind=wi.unbound severity=critical namespace=prod kind_of_object=ServiceAccount name=api-sa reason=BindingMissing message="annotation claims api@my-project.iam.gserviceaccount.com but the workload identity binding is missing: serviceAccount:my-project.svc.id.goog[prod/api-sa] lacks roles/iam.workloadIdentityUser on api@my-project.iam.gserviceaccount.com" gsa=api@my-project.iam.gserviceaccount.com pods=2 problem=no-workload-identity-binding
kind=wi.gsa_missing severity=critical namespace=prod kind_of_object=ServiceAccount name=ghost-sa reason=GSAMissing message="annotated GSA ghost@my-project.iam.gserviceaccount.com does not exist — every GCP call from these pods fails" gsa=ghost@my-project.iam.gserviceaccount.com pods=1
scanned=9 findings=3 elapsed=100ms
